MemTotal:        2013280 kB
MemFree:          158960 kB
MemAvailable:     172140 kB
Buffers:            4168 kB
Cached:           276760 kB
SwapCached:            0 kB
Active:            95632 kB
Inactive:        1430828 kB
Active(anon):       6872 kB
Inactive(anon):  1268640 kB
Active(file):      88760 kB
Inactive(file):   162188 kB
Unevictable:        3432 kB
Mlocked:            3432 kB
SwapTotal:             0 kB
SwapFree:              0 kB
Dirty:              8604 kB
Writeback:             0 kB
AnonPages:       1249008 kB
Mapped:           237960 kB
Shmem:             27376 kB
KReclaimable:      52092 kB
Slab:             158100 kB
SReclaimable:      52092 kB
SUnreclaim:       106008 kB
KernelStack:       33728 kB
ShadowCallStack:    8448 kB
PageTables:        63720 kB
NFS_Unstable:          0 kB
Bounce:                0 kB
WritebackTmp:          0 kB
CommitLimit:     1006640 kB
Committed_AS:   52231768 kB
VmallocTotal:   262930368 kB
VmallocUsed:       54236 kB
VmallocChunk:          0 kB
Percpu:             4272 kB
AnonHugePages:         0 kB
ShmemHugePages:        0 kB
ShmemPmdMapped:        0 kB
FileHugePages:     10240 kB
FilePmdMapped:     10240 kB
CmaTotal:         303104 kB
CmaFree:               0 kB

